[www.feel-digital.co.uk/index.html]
[backblue.gif]
[fade.gif]
[index.html]
[www.feel-digital.co.uk/GET]
[www.feel-digital.co.uk/wp-json/wp/v2/pages/5.json]
[www.feel-digital.co.uk/Edge/index.html]
[www.feel-digital.co.uk/wp-json/index.html]
[www.feel-digital.co.uk/wp-includes/wlwmanifest.xml]
[www.feel-digital.co.uk/wp-json/oembed/1.0/embedd8f8.json]
[www.feel-digital.co.uk/wp-json/oembed/1.0/embed1c3f]
[cdn-bhefn.nitrocdn.com/JvwMKMeIbFASwXbJrfsgCJYzeDMigYsq/assets/static/optimized/rev-e1b3a1c/wp-content/uploads/2020/10/cropped-favicon-32x32.png]
[cdn-bhefn.nitrocdn.com/JvwMKMeIbFASwXbJrfsgCJYzeDMigYsq/assets/static/optimized/rev-e1b3a1c/wp-content/uploads/2020/10/cropped-favicon-192x192.png]
[cdn-bhefn.nitrocdn.com/JvwMKMeIbFASwXbJrfsgCJYzeDMigYsq/assets/static/optimized/rev-e1b3a1c/wp-content/uploads/2020/10/cropped-favicon-180x180.png]
[www.feel-digital.co.uk/success-story/edulab-case-study.html]
[www.feel-digital.co.uk/success-stories.html]
[www.feel-digital.co.uk/insights.html]
[www.feel-digital.co.uk/contact.html]
[www.feel-digital.co.uk/what-we-do.html]
[www.feel-digital.co.uk/organic-search.html]
[www.feel-digital.co.uk/paid-search.html]
[www.feel-digital.co.uk/social-media.html]
[www.feel-digital.co.uk/content-marketing.html]
[www.feel-digital.co.uk/design-development.html]
[www.feel-digital.co.uk/cro-conversion-rate-optimisation.html]
[www.feel-digital.co.uk/wp-content/uploads/2020/11/hp-header.jpg]
[www.feel-digital.co.uk/success-story/isg-fume-case-study-1-million-turnover.html]
[www.feel-digital.co.uk/success-story/delivering-results-with-rapid-digital-growth.html]
[www.feel-digital.co.uk/success-story/hill-brothers-case-study-driving-growth-quickly-and-effectively.html]
[www.feel-digital.co.uk/understanding-and-adapting-to-consumer-shopping-behaviour-during-covid-19.html]
[www.feel-digital.co.uk/finding-opportunity-throughout-the-covid-19-crisis.html]
[www.feel-digital.co.uk/long-tail-phrases-the-secret-to-getting-more-rankings.html]
[www.feel-digital.co.uk/celebrating-two-years-of-feel-digital.html]
[www.feel-digital.co.uk/6-tips-to-optimise-and-secure-your-wordpress-website.html]
[www.feel-digital.co.uk/first-12-months-in-business-what-have-i-learnt.html]
[www.feel-digital.co.uk/so-what-do-we-do-and-why-should-you-care.html]
[www.feel-digital.co.uk/POST]
[www.feel-digital.co.uk/b2b-linkedin-marketing.html]
[www.feel-digital.co.uk/privacy-policy.html]
[cdn-bhefn.nitrocdn.com/JvwMKMeIbFASwXbJrfsgCJYzeDMigYsq/assets/static/optimized/rev-e1b3a1c/wp-includes/js/jquery/nitro-min-af6cb5bfb91ce2d78377e57c8d18ffc0.jquery.min.js]
[cdn-bhefn.nitrocdn.com/JvwMKMeIbFASwXbJrfsgCJYzeDMigYsq/assets/static/optimized/rev-e1b3a1c/wp-includes/js/jquery/nitro-min-d6171631e2919215b5e490dc93564c56.jquery-migrate.min.js]
[cdn-bhefn.nitrocdn.com/JvwMKMeIbFASwXbJrfsgCJYzeDMigYsq/assets/static/optimized/rev-e1b3a1c/wp-content/themes/feeldigital/assets/js/nitro-min-8a5471f88ca9c58e18cea05ebc9fe21a.wow.min.js]
[cdn-bhefn.nitrocdn.com/JvwMKMeIbFASwXbJrfsgCJYzeDMigYsq/assets/static/optimized/rev-e1b3a1c/wp-content/themes/feeldigital/assets/js/nitro-min-8a5471f88ca9c58e18cea05ebc9fe21a.scripts.js]
[cdn-bhefn.nitrocdn.com/JvwMKMeIbFASwXbJrfsgCJYzeDMigYsq/assets/static/optimized/rev-e1b3a1c/combinedCss/nitro-min-noimport-8137555aab2a59a9550b5b46ef677291-stylesheet.css]
[cdn-bhefn.nitrocdn.com/JvwMKMeIbFASwXbJrfsgCJYzeDMigYsq/assets/static/optimized/rev-e1b3a1c/wp-content/themes/feeldigital/assets/js/nitro-min-c2454ddf1bc6c9b1e3e7682bb11db161.slick-1.8.1.min.28.delaye]
[cdn-bhefn.nitrocdn.com/JvwMKMeIbFASwXbJrfsgCJYzeDMigYsq/assets/static/optimized/rev-e1b3a1c/wp-content/themes/feeldigital/assets/js/nitro-min-f8ee05b0b11f7f34aabb5efb43c36ef1.jquery.fancybox.min.29.de]
[cdn-bhefn.nitrocdn.com/JvwMKMeIbFASwXbJrfsgCJYzeDMigYsq/assets/static/optimized/rev-e1b3a1c/wp-content/themes/feeldigital/assets/images/footer-pattern.png]
[cdn-bhefn.nitrocdn.com/JvwMKMeIbFASwXbJrfsgCJYzeDMigYsq/assets/static/optimized/rev-e1b3a1c/combinedCss/nitro-min-noimport-bc84b63e16c0b0b9af85fb2be1d364b8-stylesheet.css]
[www.feel-digital.co.uk/index.html]
[www.feel-digital.co.uk/o,baseURI.html]
[www.feel-digital.co.uk/GET.html]
[www.feel-digital.co.uk/Edge/index.html]
[www.feel-digital.co.uk/xmlrpc0db0.html]
[www.googletagmanager.com/gtm5445.html]
[cdn-bhefn.nitrocdn.com/JvwMKMeIbFASwXbJrfsgCJYzeDMigYsq/assets/static/optimized/rev-e1b3a1c/combinedCss/nitro-min-noimport-5ff6eb37418a2969c0894a9dbf1fe6c9-stylesheet.css]
[www.feel-digital.co.uk/success-story/GET]
[www.feel-digital.co.uk/wp-json/oembed/1.0/embed2446.json]
[www.feel-digital.co.uk/success-story/Edge/index.html]
[www.feel-digital.co.uk/wp-json/oembed/1.0/embed999e]
[www.feel-digital.co.uk/wp-content/uploads/2021/08/edulab-featured.jpg]
[www.feel-digital.co.uk/wp-content/uploads/2021/08/edulab-website.jpg]
[www.feel-digital.co.uk/wp-content/uploads/2022/01/edulab-serps-mobile.jpg]
[www.feel-digital.co.uk/success-story/POST]
[cdn-bhefn.nitrocdn.com/JvwMKMeIbFASwXbJrfsgCJYzeDMigYsq/assets/static/optimized/rev-e1b3a1c/wp-content/plugins/contact-form-7/includes/js/nitro-min-77e1ba1bf61904df9e4c1172ac6f0403.index.js]
[cdn-bhefn.nitrocdn.com/JvwMKMeIbFASwXbJrfsgCJYzeDMigYsq/assets/static/optimized/rev-e1b3a1c/recaptcha/nitro-min-26d07479a6b5024a902617bf6d5aad8a.api.js]
[cdn-bhefn.nitrocdn.com/JvwMKMeIbFASwXbJrfsgCJYzeDMigYsq/assets/static/optimized/rev-e1b3a1c/wp-includes/js/dist/vendor/nitro-min-39373f825d7812e4c0eff141ce43ad5b.regenerator-runtime.min.js]
[cdn-bhefn.nitrocdn.com/JvwMKMeIbFASwXbJrfsgCJYzeDMigYsq/assets/static/optimized/rev-e1b3a1c/wp-includes/js/dist/vendor/nitro-min-2c7cef87d91a8c32817cef0915f9141b.wp-polyfill.min.js]
[cdn-bhefn.nitrocdn.com/JvwMKMeIbFASwXbJrfsgCJYzeDMigYsq/assets/static/optimized/rev-e1b3a1c/combinedCss/nitro-min-noimport-7ff993c78198c8c3ae1ea5e1d970e496-stylesheet.css]
[cdn-bhefn.nitrocdn.com/JvwMKMeIbFASwXbJrfsgCJYzeDMigYsq/assets/static/optimized/rev-e1b3a1c/wp-content/plugins/contact-form-7/modules/recaptcha/nitro-min-77e1ba1bf61904df9e4c1172ac6f0403.index.3f.dela]
[cdn-bhefn.nitrocdn.com/JvwMKMeIbFASwXbJrfsgCJYzeDMigYsq/assets/static/optimized/rev-e1b3a1c/wp-content/plugins/contact-form-7/includes/swv/js/nitro-min-77e1ba1bf61904df9e4c1172ac6f0403.index.3a.delaye]
[www.feel-digital.co.uk/success-story/edulab-case-study.html]
[cdn-bhefn.nitrocdn.com/JvwMKMeIbFASwXbJrfsgCJYzeDMigYsq/assets/static/optimized/rev-e1b3a1c/combinedCss/nitro-min-noimport-9d34924e0a92612878a4e59fe1aea222-stylesheet.css]
[www.feel-digital.co.uk/wp-json/wp/v2/pages/373.json]
[www.feel-digital.co.uk/wp-json/oembed/1.0/embed409f.json]
[www.feel-digital.co.uk/wp-json/oembed/1.0/embedc622]
[www.feel-digital.co.uk/success-stories.html]
[cdn-bhefn.nitrocdn.com/JvwMKMeIbFASwXbJrfsgCJYzeDMigYsq/assets/static/optimized/rev-e1b3a1c/combinedCss/nitro-min-noimport-22f78bf6dc68b4bec52417c901cc8618-stylesheet.css]
[www.feel-digital.co.uk/insights/page/2.html]
[www.feel-digital.co.uk/insights.html]
[cdn-bhefn.nitrocdn.com/JvwMKMeIbFASwXbJrfsgCJYzeDMigYsq/assets/static/optimized/rev-e1b3a1c/combinedCss/nitro-min-noimport-90d4c42ab0b89b1abe30dd81ef8eadb7-stylesheet.css]
[www.feel-digital.co.uk/wp-json/wp/v2/pages/160.json]
[www.feel-digital.co.uk/wp-json/oembed/1.0/embed2295.json]
[www.feel-digital.co.uk/wp-json/oembed/1.0/embed4cda]
[www.feel-digital.co.uk/contact.html]
[cdn-bhefn.nitrocdn.com/JvwMKMeIbFASwXbJrfsgCJYzeDMigYsq/assets/static/optimized/rev-e1b3a1c/combinedCss/nitro-min-noimport-26e21e6c9dd472bf6f20a00ff8c18598-stylesheet.css]
[www.feel-digital.co.uk/wp-json/wp/v2/pages/163.json]
[www.feel-digital.co.uk/wp-json/oembed/1.0/embed7b74.json]
[www.feel-digital.co.uk/wp-json/oembed/1.0/embed875a]
[www.feel-digital.co.uk/wp-content/uploads/2020/10/img-21.jpg]
[www.feel-digital.co.uk/what-we-do.html]
[cdn-bhefn.nitrocdn.com/JvwMKMeIbFASwXbJrfsgCJYzeDMigYsq/assets/static/optimized/rev-e1b3a1c/combinedCss/nitro-min-noimport-ea4d528189e02ed69766722d4f388a9d-stylesheet.css]
[www.feel-digital.co.uk/wp-json/wp/v2/pages/166.json]
[www.feel-digital.co.uk/wp-json/oembed/1.0/embed7666.json]
[www.feel-digital.co.uk/wp-json/oembed/1.0/embed187b]
[www.feel-digital.co.uk/wp-content/uploads/2020/11/team-strategy-2.jpg]
[cdn-bhefn.nitrocdn.com/JvwMKMeIbFASwXbJrfsgCJYzeDMigYsq/assets/static/optimized/rev-e1b3a1c/combinedCss/nitro-min-noimport-6c89a1b75c94e886ff3aef0c1d287d8d-stylesheet.css]
[www.feel-digital.co.uk/organic-search.html]
[cdn-bhefn.nitrocdn.com/JvwMKMeIbFASwXbJrfsgCJYzeDMigYsq/assets/static/optimized/rev-e1b3a1c/combinedCss/nitro-min-noimport-d152101174b8bf6a27e576839191bf45-stylesheet.css]
[www.feel-digital.co.uk/wp-content/themes/feeldigital/assets/css/components/brand-together7404.css]
[www.feel-digital.co.uk/wp-content/themes/feeldigital/assets/fonts/icon-fonts/feel.eot]
[www.feel-digital.co.uk/wp-content/themes/feeldigital/assets/fonts/icon-fonts/feeld41d.eot]
[www.feel-digital.co.uk/wp-content/themes/feeldigital/assets/fonts/icon-fonts/feel.woff]
[www.feel-digital.co.uk/wp-content/themes/feeldigital/assets/fonts/icon-fonts/feel.ttf]
[www.feel-digital.co.uk/wp-content/themes/feeldigital/assets/fonts/icon-fonts/feel.svg]
[www.feel-digital.co.uk/wp-content/themes/feeldigital/assets/images/btn-arrow.svg]
[www.feel-digital.co.uk/wp-content/themes/feeldigital/assets/images/select-down-arrow.svg]
[www.feel-digital.co.uk/wp-content/themes/feeldigital/assets/images/address-icon.svg]
[www.feel-digital.co.uk/wp-content/themes/feeldigital/assets/images/phone-icon.svg]
[www.feel-digital.co.uk/wp-content/themes/feeldigital/assets/images/email-icon.svg]
[www.feel-digital.co.uk/wp-content/themes/feeldigital/assets/images/footer-pattern.png]
[www.feel-digital.co.uk/wp-content/themes/feeldigital/assets/images/arrow.svg]
[www.feel-digital.co.uk/wp-content/themes/feeldigital/assets/images/color-arrow.svg]
[www.feel-digital.co.uk/wp-includes/css/dist/block-library/style.min7404.css]
[www.feel-digital.co.uk/wp-includes/js/jquery/jquery.minaf6c.js]
[www.feel-digital.co.uk/wp-includes/js/jquery/jquery-migrate.mind617.js]
[www.feel-digital.co.uk/wp-json/wp/v2/pages/170.json]
[www.feel-digital.co.uk/wp-json/oembed/1.0/embed17c9.json]
[www.feel-digital.co.uk/wp-json/oembed/1.0/embedd79b]
[www.feel-digital.co.uk/wp-content/uploads/2020/10/cropped-favicon-32x32.png]
[www.feel-digital.co.uk/wp-content/uploads/2020/10/cropped-favicon-192x192.png]
[www.feel-digital.co.uk/wp-content/uploads/2020/10/cropped-favicon-180x180.png]
[www.feel-digital.co.uk/wp-content/uploads/2020/10/logo.png]
[www.feel-digital.co.uk/wp-content/themes/feeldigital/assets/images/mobile-menu-top-shape.png]
[www.feel-digital.co.uk/wp-content/themes/feeldigital/assets/images/mobile-menu-bottom-shape.png]
[www.feel-digital.co.uk/wp-content/themes/feeldigital/assets/images/mobile-menu-right-shape.png]
[www.feel-digital.co.uk/wp-content/uploads/2020/10/mobile-menu-logo.png]
[www.feel-digital.co.uk/wp-content/themes/feeldigital/assets/images/down-arrow.svg]
[www.feel-digital.co.uk/wp-content/themes/feeldigital/assets/images/inner-hero-top-shape.png]
[www.feel-digital.co.uk/wp-content/uploads/2020/12/ppc_banner.png]
[www.feel-digital.co.uk/wp-content/themes/feeldigital/assets/images/hand-bg-shape.png]
[www.feel-digital.co.uk/wp-content/uploads/2020/10/ads-google.png]
[www.feel-digital.co.uk/wp-content/uploads/2020/10/bing-ads.png]
[www.feel-digital.co.uk/wp-content/uploads/2020/10/fb-ads.png]
[www.feel-digital.co.uk/wp-content/uploads/2020/10/insta-ads.png]
[www.feel-digital.co.uk/wp-content/uploads/2020/10/linked-ads.png]
[www.feel-digital.co.uk/wp-content/themes/feeldigital/assets/images/faq-side-shape.png]
[www.feel-digital.co.uk/wp-content/uploads/2021/07/trophy-icon.jpg]
[www.feel-digital.co.uk/wp-content/uploads/2020/12/g-plus.svg]
[www.feel-digital.co.uk/wp-content/uploads/2020/12/ab-testing.svg]
[www.feel-digital.co.uk/wp-content/uploads/2020/12/pound-icon.svg]
[www.feel-digital.co.uk/wp-content/uploads/2021/02/fixed-fees.svg]
[www.feel-digital.co.uk/wp-content/uploads/2020/12/wide-team-skills.svg]
[www.feel-digital.co.uk/wp-content/themes/feeldigital/assets/images/social-marketing-shape-left.png]
[www.feel-digital.co.uk/wp-content/uploads/2021/07/Partner-RGB.png]
[www.feel-digital.co.uk/wp-content/uploads/2020/12/Cost-effective.svg]
[www.feel-digital.co.uk/wp-content/uploads/2020/10/icon-23.svg]
[www.feel-digital.co.uk/wp-content/uploads/2020/10/icon-24.svg]
[www.feel-digital.co.uk/wp-content/uploads/2020/10/icon-25.svg]
[www.feel-digital.co.uk/wp-content/uploads/2020/12/Algorithm-Updates.svg]
[www.feel-digital.co.uk/wp-content/uploads/2020/10/icon-21.svg]
[www.feel-digital.co.uk/wp-content/themes/feeldigital/assets/images/social-marketing-shape.png]
[www.feel-digital.co.uk/wp-content/uploads/2021/07/Google-Shopping-Phone.jpg]
[www.feel-digital.co.uk/wp-content/themes/feeldigital/assets/images/shape-img-04.png]
[www.feel-digital.co.uk/wp-content/uploads/2020/11/isg-testimonial.jpg]
[www.feel-digital.co.uk/wp-content/uploads/2022/05/shp-casestudy.png]
[www.feel-digital.co.uk/wp-content/uploads/2020/11/hill-brothers-waterfall.png]
[www.feel-digital.co.uk/wp-content/uploads/2020/10/NMA-2020-Finalist-Badge-BW.png]
[www.feel-digital.co.uk/wp-content/uploads/2020/10/award-logo-33.png]
[www.feel-digital.co.uk/wp-content/uploads/2022/02/google-partner-badge-bw.png]
[www.feel-digital.co.uk/wp-content/uploads/2020/10/footer-logo.png]
[www.feel-digital.co.uk/wp-content/themes/feeldigital/assets/css/components/brand-about7404.css]
[www.feel-digital.co.uk/wp-content/themes/feeldigital/assets/css/components/platforms-section7404.css]
[www.feel-digital.co.uk/wp-content/themes/feeldigital/assets/css/components/stand-out-section7404.css]
[www.feel-digital.co.uk/wp-content/themes/feeldigital/assets/css/components/advantages-social7404.css]
[www.feel-digital.co.uk/wp-content/themes/feeldigital/assets/css/components/social-media-marketing7404.css]
[www.feel-digital.co.uk/wp-content/themes/feeldigital/assets/css/components/side-section7404.css]
[www.feel-digital.co.uk/wp-content/themes/feeldigital/assets/css/components/testimonial-section7404.css]
[www.feel-digital.co.uk/wp-content/themes/feeldigital/assets/css/components/project-section7404.css]
[www.feel-digital.co.uk/wp-content/themes/feeldigital/assets/js/slick-1.8.1.minc245.js]
[www.feel-digital.co.uk/wp-content/themes/feeldigital/assets/js/jquery.fancybox.minf8ee.js]
[www.feel-digital.co.uk/wp-content/themes/feeldigital/assets/js/wow.min8a54.js]
[www.feel-digital.co.uk/paid-search.html]
[www.feel-digital.co.uk/wp-content/themes/feeldigital/assets/js/scripts8a54.js]
[www.feel-digital.co.uk/wp-json/wp/v2/pages/172.json]
[www.feel-digital.co.uk/wp-json/oembed/1.0/embed4d8f.json]
[www.feel-digital.co.uk/wp-json/oembed/1.0/embedec69]
[www.feel-digital.co.uk/wp-content/uploads/2020/12/social-media-marketing.jpg]
[www.feel-digital.co.uk/wp-content/uploads/2020/12/tailored-social.jpg]
[www.feel-digital.co.uk/social-media.html]
[www.feel-digital.co.uk/wp-json/wp/v2/pages/174.json]
[www.feel-digital.co.uk/wp-json/oembed/1.0/embed98b2.json]
[www.feel-digital.co.uk/wp-json/oembed/1.0/embed56d4]
[www.feel-digital.co.uk/wp-content/uploads/2020/12/amplify-content.jpg]
[www.feel-digital.co.uk/content-marketing.html]
[www.feel-digital.co.uk/wp-json/wp/v2/pages/182.json]
[www.feel-digital.co.uk/wp-json/oembed/1.0/embed7c4d.json]
[www.feel-digital.co.uk/wp-json/oembed/1.0/embedc264]
[www.feel-digital.co.uk/wp-content/uploads/2020/10/img-13.jpg]
[www.feel-digital.co.uk/wp-content/uploads/2020/12/project-management.jpg]
[www.feel-digital.co.uk/wp-content/uploads/2020/12/web-design.jpg]
[www.feel-digital.co.uk/design-development.html]
[cdn-bhefn.nitrocdn.com/JvwMKMeIbFASwXbJrfsgCJYzeDMigYsq/assets/static/optimized/rev-e1b3a1c/combinedCss/nitro-min-noimport-32f2409898d75d23dcb176a8b3a8e6f2-stylesheet.css]
[www.feel-digital.co.uk/wp-json/wp/v2/pages/184.json]
[www.feel-digital.co.uk/wp-json/oembed/1.0/embeda3bf.json]
[www.feel-digital.co.uk/wp-json/oembed/1.0/embed4b3d]
[www.feel-digital.co.uk/wp-content/uploads/2020/11/strategy.jpg]
[www.feel-digital.co.uk/cro-conversion-rate-optimisation.html]
[www.feel-digital.co.uk/organic-search/index.html]
[www.feel-digital.co.uk/paid-search/index.html]
[www.feel-digital.co.uk/social-media/index.html]
[www.feel-digital.co.uk/content-marketing/index.html]
[www.feel-digital.co.uk/design-development/index.html]
[www.feel-digital.co.uk/cro/index.html]
[cdn-bhefn.nitrocdn.com/JvwMKMeIbFASwXbJrfsgCJYzeDMigYsq/assets/static/optimized/rev-e1b3a1c/combinedCss/nitro-min-noimport-98dacf04d93a199dc3617c2ec836c9f4-stylesheet.css]
[www.feel-digital.co.uk/wp-json/oembed/1.0/embed1f23.json]
[www.feel-digital.co.uk/wp-json/oembed/1.0/embedc944]
[www.feel-digital.co.uk/wp-content/uploads/2020/09/img-19.jpg]
[www.feel-digital.co.uk/wp-content/uploads/2020/11/isge-case-3.jpg]
[www.feel-digital.co.uk/success-story/isg-fume-case-study-1-million-turnover.html]
[www.feel-digital.co.uk/success-story/delivering-results-with-rapid-digital-growth/feed]
[www.feel-digital.co.uk/wp-json/oembed/1.0/embed614e.json]
[www.feel-digital.co.uk/wp-json/oembed/1.0/embed4bad]
[www.feel-digital.co.uk/wp-content/uploads/2022/05/shp-case03.png]
[www.feel-digital.co.uk/wp-content/uploads/2022/05/shp-case04.png]
[www.feel-digital.co.uk/success-story/delivering-results-with-rapid-digital-growth.html]
[www.feel-digital.co.uk/success-story/hill-brothers-case-study-driving-growth-quickly-and-effectively/feed]
[www.feel-digital.co.uk/wp-json/oembed/1.0/embedad64.json]
[www.feel-digital.co.uk/wp-json/oembed/1.0/embedea10]
[www.feel-digital.co.uk/wp-content/uploads/2020/11/hill-brothers.png]
[www.feel-digital.co.uk/wp-content/uploads/2020/11/hill-brothers-site-screenshot.png]
[www.feel-digital.co.uk/success-story/hill-brothers-case-study-driving-growth-quickly-and-effectively.html]
[www.feel-digital.co.uk/understanding-and-adapting-to-consumer-shopping-behaviour-during-covid-19/feed]
[www.feel-digital.co.uk/wp-content/themes/feeldigital/assets/css/components/news-detail-part7404.css]
[www.feel-digital.co.uk/wp-content/themes/feeldigital/assets/css/components/new-feed-slider7404.css]
[www.feel-digital.co.uk/wp-json/wp/v2/posts/256.json]
[www.feel-digital.co.uk/wp-json/oembed/1.0/embedfe1d.json]
[www.feel-digital.co.uk/wp-json/oembed/1.0/embed04da]
[www.feel-digital.co.uk/wp-content/uploads/2020/09/person-shopping-on-smartphone.jpg]
[www.feel-digital.co.uk/wp-content/themes/feeldigital/assets/images/small-shape-01.svg]
[www.feel-digital.co.uk/wp-content/themes/feeldigital/assets/images/small-shape-02.svg]
[www.feel-digital.co.uk/wp-content/themes/feeldigital/assets/images/detail-page-shape.png]
[www.feel-digital.co.uk/wp-content/themes/feeldigital/assets/images/shape-img-02.png]
[www.feel-digital.co.uk/wp-content/uploads/2020/09/shopping-in-bed.png]
[www.feel-digital.co.uk/wp-content/themes/feeldigital/assets/images/news-part-shape.png]
[www.feel-digital.co.uk/wp-content/uploads/2020/04/joewicks.jpg]
[www.feel-digital.co.uk/wp-content/uploads/2019/07/google-keyword-planner2.png]
[www.feel-digital.co.uk/understanding-and-adapting-to-consumer-shopping-behaviour-during-covid-19.html]
[www.feel-digital.co.uk/wp-content/uploads/2020/09/feed-img-01.jpg]
[www.feel-digital.co.uk/_data_image/gif;base64,R0lGODlhAQABAIABAAAAAP/yH5BAEAAAEALAAAAAABAAEAAAICTAEAOw==_.html]
[www.feel-digital.co.uk/finding-opportunity-throughout-the-covid-19-crisis/feed]
[www.feel-digital.co.uk/wp-json/wp/v2/posts/970.json]
[www.feel-digital.co.uk/wp-json/oembed/1.0/embed6317.json]
[www.feel-digital.co.uk/wp-json/oembed/1.0/embedd37c]
[www.feel-digital.co.uk/wp-content/uploads/2020/11/boris-locdown-and-world-cup-66.png]
[www.feel-digital.co.uk/wp-content/uploads/2020/11/ant-and-dec.png]
[www.feel-digital.co.uk/finding-opportunity-throughout-the-covid-19-crisis.html]
[www.feel-digital.co.uk/long-tail-phrases-the-secret-to-getting-more-rankings/feed]
[www.feel-digital.co.uk/wp-json/wp/v2/posts/259.json]
[www.feel-digital.co.uk/wp-json/oembed/1.0/embed4dda.json]
[www.feel-digital.co.uk/wp-json/oembed/1.0/embed7352]
[www.feel-digital.co.uk/long-tail-phrases-the-secret-to-getting-more-rankings.html]
[www.feel-digital.co.uk/celebrating-two-years-of-feel-digital/feed]
[www.feel-digital.co.uk/wp-json/wp/v2/posts/959.json]
[www.feel-digital.co.uk/wp-json/oembed/1.0/embed3025.json]
[www.feel-digital.co.uk/wp-json/oembed/1.0/embed224e]
[www.feel-digital.co.uk/wp-content/uploads/2020/11/Celebrating-2-years.png]
[www.feel-digital.co.uk/wp-content/uploads/2020/11/person-on-lake.png]
[www.feel-digital.co.uk/celebrating-two-years-of-feel-digital.html]
[www.feel-digital.co.uk/6-tips-to-optimise-and-secure-your-wordpress-website/feed]
[www.feel-digital.co.uk/wp-json/wp/v2/posts/977.json]
[www.feel-digital.co.uk/wp-json/oembed/1.0/embed072d.json]
[www.feel-digital.co.uk/wp-json/oembed/1.0/embed77a8]
[www.feel-digital.co.uk/wp-content/uploads/2020/11/lock.png]
[www.feel-digital.co.uk/6-tips-to-optimise-and-secure-your-wordpress-website.html]
[cdn-bhefn.nitrocdn.com/JvwMKMeIbFASwXbJrfsgCJYzeDMigYsq/assets/static/optimized/rev-e1b3a1c/combinedCss/nitro-min-noimport-c0ba1ac31f011d1f9d38c14cffb1f1b5-stylesheet.css]
[www.feel-digital.co.uk/first-12-months-in-business-what-have-i-learnt/feed]
[www.feel-digital.co.uk/wp-json/wp/v2/posts/981.json]
[www.feel-digital.co.uk/wp-json/oembed/1.0/embedbc18.json]
[www.feel-digital.co.uk/wp-json/oembed/1.0/embeddb6f]
[www.feel-digital.co.uk/first-12-months-in-business-what-have-i-learnt.html]
[www.feel-digital.co.uk/so-what-do-we-do-and-why-should-you-care/feed]
[www.feel-digital.co.uk/wp-json/wp/v2/posts/85.json]
[www.feel-digital.co.uk/wp-json/oembed/1.0/embed7e8c.json]
[www.feel-digital.co.uk/wp-json/oembed/1.0/embed27b3]
[www.feel-digital.co.uk/so-what-do-we-do-and-why-should-you-care.html]
[www.feel-digital.co.uk/POST.html]
[www.feel-digital.co.uk/wp-json/wp/v2/pages/91.json]
[www.feel-digital.co.uk/wp-json/oembed/1.0/embed75e9.json]
[www.feel-digital.co.uk/wp-json/oembed/1.0/embed5d22]
[www.feel-digital.co.uk/wp-content/uploads/2020/12/LI-connections.jpg]
[www.feel-digital.co.uk/wp-content/uploads/2020/12/dont-miss-out.jpg]
[www.feel-digital.co.uk/b2b-linkedin-marketing.html]
[cdn-bhefn.nitrocdn.com/JvwMKMeIbFASwXbJrfsgCJYzeDMigYsq/assets/static/optimized/rev-e1b3a1c/combinedCss/nitro-min-noimport-501cb3a0fecf5dc9bb430103085a133c-stylesheet.css]
[www.feel-digital.co.uk/wp-json/wp/v2/pages/1305.json]
[www.feel-digital.co.uk/wp-json/oembed/1.0/embedcab0.json]
[www.feel-digital.co.uk/wp-json/oembed/1.0/embedd4ae]
[www.feel-digital.co.uk/privacy-policy.html]
[cdn-bhefn.nitrocdn.com/JvwMKMeIbFASwXbJrfsgCJYzeDMigYsq/assets/static/optimized/rev-e1b3a1c/combinedCss/nitro-min-noimport-36262f213bccebf0bc75b939d3d97b39-stylesheet.css]
[cdn-bhefn.nitrocdn.com/JvwMKMeIbFASwXbJrfsgCJYzeDMigYsq/assets/static/optimized/rev-e1b3a1c/wp-content/themes/feeldigital/assets/images/icon-bg-01.png]
[cdn-bhefn.nitrocdn.com/JvwMKMeIbFASwXbJrfsgCJYzeDMigYsq/assets/static/optimized/rev-e1b3a1c/wp-content/themes/feeldigital/assets/images/icon-bg-02.png]
[cdn-bhefn.nitrocdn.com/JvwMKMeIbFASwXbJrfsgCJYzeDMigYsq/assets/static/optimized/rev-e1b3a1c/wp-content/themes/feeldigital/assets/images/icon-bg-03.png]
[www.feel-digital.co.uk/wp-content/themes/feeldigital/assets/css/components/grayscale.svg]
[cdn-bhefn.nitrocdn.com/JvwMKMeIbFASwXbJrfsgCJYzeDMigYsq/assets/static/optimized/rev-e1b3a1c/combinedCss/nitro-min-noimport-8137555aab2a59a9550b5b46ef677291-stylesheet.css]
[cdn-bhefn.nitrocdn.com/JvwMKMeIbFASwXbJrfsgCJYzeDMigYsq/assets/static/optimized/rev-e1b3a1c/combinedCss/nitro-min-noimport-bc84b63e16c0b0b9af85fb2be1d364b8-stylesheet.css]
[cdn-bhefn.nitrocdn.com/JvwMKMeIbFASwXbJrfsgCJYzeDMigYsq/assets/static/optimized/rev-e1b3a1c/wp-content/themes/feeldigital/assets/images/small-next-arrow.png]
[cdn-bhefn.nitrocdn.com/JvwMKMeIbFASwXbJrfsgCJYzeDMigYsq/assets/static/optimized/rev-e1b3a1c/combinedCss/nitro-min-noimport-5ff6eb37418a2969c0894a9dbf1fe6c9-stylesheet.css]
[www.feel-digital.co.uk/success-story/o,baseURI.html]
[www.feel-digital.co.uk/success-story/GET.html]
[www.feel-digital.co.uk/success-story/Edge/index.html]
[www.feel-digital.co.uk/indexb09c.html]
[www.feel-digital.co.uk/success-story/POST.html]
[cdn-bhefn.nitrocdn.com/JvwMKMeIbFASwXbJrfsgCJYzeDMigYsq/assets/static/optimized/rev-e1b3a1c/combinedCss/nitro-min-noimport-7ff993c78198c8c3ae1ea5e1d970e496-stylesheet.css]
[cdn-bhefn.nitrocdn.com/JvwMKMeIbFASwXbJrfsgCJYzeDMigYsq/assets/static/optimized/rev-e1b3a1c/wp-content/themes/feeldigital/assets/images/left-side-quote.png]
[cdn-bhefn.nitrocdn.com/JvwMKMeIbFASwXbJrfsgCJYzeDMigYsq/assets/static/optimized/rev-e1b3a1c/wp-content/themes/feeldigital/assets/images/right-side-quote.png]
[cdn-bhefn.nitrocdn.com/JvwMKMeIbFASwXbJrfsgCJYzeDMigYsq/assets/static/optimized/rev-e1b3a1c/wp-content/themes/feeldigital/assets/images/next-arrow.png]
[cdn-bhefn.nitrocdn.com/JvwMKMeIbFASwXbJrfsgCJYzeDMigYsq/assets/static/optimized/rev-e1b3a1c/wp-content/themes/feeldigital/assets/images/left-arrow.png]
[cdn-bhefn.nitrocdn.com/JvwMKMeIbFASwXbJrfsgCJYzeDMigYsq/assets/static/optimized/rev-e1b3a1c/combinedCss/nitro-min-noimport-9d34924e0a92612878a4e59fe1aea222-stylesheet.css]
[www.feel-digital.co.uk/index7080.html]
[cdn-bhefn.nitrocdn.com/JvwMKMeIbFASwXbJrfsgCJYzeDMigYsq/assets/static/optimized/rev-e1b3a1c/combinedCss/nitro-min-noimport-22f78bf6dc68b4bec52417c901cc8618-stylesheet.css]
[www.feel-digital.co.uk/insights/page/POST]
[www.feel-digital.co.uk/insights/page/2.html]
[cdn-bhefn.nitrocdn.com/JvwMKMeIbFASwXbJrfsgCJYzeDMigYsq/assets/static/optimized/rev-e1b3a1c/combinedCss/nitro-min-noimport-90d4c42ab0b89b1abe30dd81ef8eadb7-stylesheet.css]
[www.feel-digital.co.uk/index9c2b.html]
[cdn-bhefn.nitrocdn.com/JvwMKMeIbFASwXbJrfsgCJYzeDMigYsq/assets/static/optimized/rev-e1b3a1c/combinedCss/nitro-min-noimport-26e21e6c9dd472bf6f20a00ff8c18598-stylesheet.css]
[www.feel-digital.co.uk/index4034.html]
[cdn-bhefn.nitrocdn.com/JvwMKMeIbFASwXbJrfsgCJYzeDMigYsq/assets/static/optimized/rev-e1b3a1c/wp-content/themes/feeldigital/assets/images/light-square.jpg]
[cdn-bhefn.nitrocdn.com/JvwMKMeIbFASwXbJrfsgCJYzeDMigYsq/assets/static/optimized/rev-e1b3a1c/wp-content/themes/feeldigital/assets/images/dark-square.jpg]
[cdn-bhefn.nitrocdn.com/JvwMKMeIbFASwXbJrfsgCJYzeDMigYsq/assets/static/optimized/rev-e1b3a1c/combinedCss/nitro-min-noimport-ea4d528189e02ed69766722d4f388a9d-stylesheet.css]
[www.feel-digital.co.uk/index8e01.html]
[cdn-bhefn.nitrocdn.com/JvwMKMeIbFASwXbJrfsgCJYzeDMigYsq/assets/static/optimized/rev-e1b3a1c/combinedCss/nitro-min-noimport-6c89a1b75c94e886ff3aef0c1d287d8d-stylesheet.css]
[cdn-bhefn.nitrocdn.com/JvwMKMeIbFASwXbJrfsgCJYzeDMigYsq/assets/static/optimized/rev-e1b3a1c/combinedCss/nitro-min-noimport-d152101174b8bf6a27e576839191bf45-stylesheet.css]
[www.feel-digital.co.uk/wp-content/themes/feeldigital/assets/css/components/brand-together7404.css]
[www.feel-digital.co.uk/wp-content/themes/feeldigital/assets/fonts/icon-fonts/feel.svg]
[www.feel-digital.co.uk/wp-content/themes/feeldigital/assets/images/btn-arrow.svg]
[www.feel-digital.co.uk/wp-content/themes/feeldigital/assets/images/select-down-arrow.svg]
[www.feel-digital.co.uk/wp-content/themes/feeldigital/assets/images/address-icon.svg]
[www.feel-digital.co.uk/wp-content/themes/feeldigital/assets/images/phone-icon.svg]
[www.feel-digital.co.uk/wp-content/themes/feeldigital/assets/images/email-icon.svg]
[www.feel-digital.co.uk/wp-content/themes/feeldigital/assets/images/arrow.svg]
[www.feel-digital.co.uk/wp-content/themes/feeldigital/assets/images/color-arrow.svg]
[www.feel-digital.co.uk/wp-includes/css/dist/block-library/style.min7404.css]
[www.feel-digital.co.uk/wp-content/themes/feeldigital/style7404.css]
[www.feel-digital.co.uk/index5e74.html]
[www.feel-digital.co.uk/wp-content/themes/feeldigital/assets/images/down-arrow.svg]
[www.feel-digital.co.uk/wp-content/uploads/2020/12/g-plus.svg]
[www.feel-digital.co.uk/wp-content/uploads/2020/12/ab-testing.svg]
[www.feel-digital.co.uk/wp-content/uploads/2020/12/pound-icon.svg]
[www.feel-digital.co.uk/wp-content/uploads/2021/02/fixed-fees.svg]
[www.feel-digital.co.uk/wp-content/uploads/2020/12/wide-team-skills.svg]
[www.feel-digital.co.uk/wp-content/uploads/2020/12/Cost-effective.svg]
[www.feel-digital.co.uk/wp-content/uploads/2020/10/icon-23.svg]
[www.feel-digital.co.uk/wp-content/uploads/2020/10/icon-24.svg]
[www.feel-digital.co.uk/wp-content/uploads/2020/10/icon-25.svg]
[www.feel-digital.co.uk/wp-content/uploads/2020/12/Algorithm-Updates.svg]
[www.feel-digital.co.uk/wp-content/uploads/2020/10/icon-21.svg]
[www.feel-digital.co.uk/wp-content/themes/feeldigital/assets/css/components/brand-about7404.css]
[www.feel-digital.co.uk/wp-content/themes/feeldigital/assets/css/components/platforms-section7404.css]
[www.feel-digital.co.uk/wp-content/themes/feeldigital/assets/images/light-square.jpg]
[www.feel-digital.co.uk/wp-content/themes/feeldigital/assets/images/dark-square.jpg]
[www.feel-digital.co.uk/wp-content/themes/feeldigital/assets/css/components/stand-out-section7404.css]
[www.feel-digital.co.uk/wp-content/themes/feeldigital/assets/css/components/advantages-social7404.css]
[www.feel-digital.co.uk/wp-content/themes/feeldigital/assets/css/components/social-media-marketing7404.css]
[www.feel-digital.co.uk/wp-content/themes/feeldigital/assets/css/components/side-section7404.css]
[www.feel-digital.co.uk/wp-content/themes/feeldigital/assets/images/left-side-quote.png]
[www.feel-digital.co.uk/wp-content/themes/feeldigital/assets/images/right-side-quote.png]
[www.feel-digital.co.uk/wp-content/themes/feeldigital/assets/images/next-arrow.png]
[www.feel-digital.co.uk/wp-content/themes/feeldigital/assets/images/left-arrow.png]
[www.feel-digital.co.uk/wp-content/themes/feeldigital/assets/css/components/testimonial-section7404.css]
[www.feel-digital.co.uk/wp-content/themes/feeldigital/assets/css/components/project-section7404.css]
[www.feel-digital.co.uk/indexf4d1.html]
[www.feel-digital.co.uk/b2b-linkedin-marketing/index.html]
[www.feel-digital.co.uk/index0325.html]
[www.feel-digital.co.uk/index7b17.html]
[cdn-bhefn.nitrocdn.com/JvwMKMeIbFASwXbJrfsgCJYzeDMigYsq/assets/static/optimized/rev-e1b3a1c/combinedCss/nitro-min-noimport-32f2409898d75d23dcb176a8b3a8e6f2-stylesheet.css]
[www.feel-digital.co.uk/index48fd.html]
[cdn-bhefn.nitrocdn.com/JvwMKMeIbFASwXbJrfsgCJYzeDMigYsq/assets/static/optimized/rev-e1b3a1c/combinedCss/nitro-min-noimport-98dacf04d93a199dc3617c2ec836c9f4-stylesheet.css]
[www.feel-digital.co.uk/index5aa6.html]
[www.feel-digital.co.uk/indexad28.html]
[www.feel-digital.co.uk/indexf4ce.html]
[www.feel-digital.co.uk/wp-content/themes/feeldigital/assets/css/components/news-detail-part7404.css]
[www.feel-digital.co.uk/wp-content/themes/feeldigital/assets/images/small-next-arrow.png]
[www.feel-digital.co.uk/wp-content/themes/feeldigital/assets/css/components/new-feed-slider7404.css]
[www.feel-digital.co.uk/index03bd.html]
[www.feel-digital.co.uk/wp-content/themes/feeldigital/assets/images/small-shape-01.svg]
[www.feel-digital.co.uk/wp-content/themes/feeldigital/assets/images/small-shape-02.svg]
[www.feel-digital.co.uk/index1469.html]
[www.feel-digital.co.uk/indexc544.html]
[www.feel-digital.co.uk/index821a.html]
[www.feel-digital.co.uk/index86c5.html]
[cdn-bhefn.nitrocdn.com/JvwMKMeIbFASwXbJrfsgCJYzeDMigYsq/assets/static/optimized/rev-e1b3a1c/combinedCss/nitro-min-noimport-c0ba1ac31f011d1f9d38c14cffb1f1b5-stylesheet.css]
[www.feel-digital.co.uk/indexc56d.html]
[www.feel-digital.co.uk/index648c.html]
[www.feel-digital.co.uk/index5cfa.html]
[cdn-bhefn.nitrocdn.com/JvwMKMeIbFASwXbJrfsgCJYzeDMigYsq/assets/static/optimized/rev-e1b3a1c/combinedCss/nitro-min-noimport-501cb3a0fecf5dc9bb430103085a133c-stylesheet.css]
[www.feel-digital.co.uk/index5628.html]
[cdn-bhefn.nitrocdn.com/JvwMKMeIbFASwXbJrfsgCJYzeDMigYsq/assets/static/optimized/rev-e1b3a1c/combinedCss/nitro-min-noimport-36262f213bccebf0bc75b939d3d97b39-stylesheet.css]
[www.feel-digital.co.uk/wp-content/themes/feeldigital/assets/css/components/grayscale.html]
[www.feel-digital.co.uk/insights/page/POST.html]
[www.feel-digital.co.uk/wp-content/themes/feeldigital/assets/images/next-arrow-big.svg]
[www.feel-digital.co.uk/wp-content/themes/feeldigital/assets/images/next-arrow-big.svg]
